2026-08-04T09:14:08.011Z  INFO 1 --- [main] com.structurizr.server.Local             : ***********************************************************************************
2026-08-04T09:14:08.035Z  INFO 1 --- [main] com.structurizr.server.Local             :   _____ _                   _              _          
2026-08-04T09:14:08.035Z  INFO 1 --- [main] com.structurizr.server.Local             :  / ____| |                 | |            (_)         
2026-08-04T09:14:08.036Z  INFO 1 --- [main] com.structurizr.server.Local             : | (___ | |_ _ __ _   _  ___| |_ _   _ _ __ _ _____ __ 
2026-08-04T09:14:08.036Z  INFO 1 --- [main] com.structurizr.server.Local             :  \___ \| __| '__| | | |/ __| __| | | | '__| |_  / '__|
2026-08-04T09:14:08.036Z  INFO 1 --- [main] com.structurizr.server.Local             :  ____) | |_| |  | |_| | (__| |_| |_| | |  | |/ /| |   
2026-08-04T09:14:08.036Z  INFO 1 --- [main] com.structurizr.server.Local             : |_____/ \__|_|   \__,_|\___|\__|\__,_|_|  |_/___|_|   
2026-08-04T09:14:08.037Z  INFO 1 --- [main] com.structurizr.server.Local             :                                                       
2026-08-04T09:14:08.039Z  INFO 1 --- [main] com.structurizr.server.Local             : Local v2026.06.28
2026-08-04T09:14:08.042Z  INFO 1 --- [main] com.structurizr.server.Local             : ***********************************************************************************
2026-08-04T09:14:08.045Z  INFO 1 --- [main] com.structurizr.server.Local             :  - structurizr.authentication: none
2026-08-04T09:14:08.047Z  INFO 1 --- [main] com.structurizr.server.Local             :  - structurizr.autorefreshinterval: 0
2026-08-04T09:14:08.048Z  INFO 1 --- [main] com.structurizr.server.Local             :  - structurizr.autosaveinterval: 5000
2026-08-04T09:14:08.049Z  INFO 1 --- [main] com.structurizr.server.Local             :  - structurizr.cache: none
2026-08-04T09:14:08.049Z  INFO 1 --- [main] com.structurizr.server.Local             :  - structurizr.data: file
2026-08-04T09:14:08.050Z  INFO 1 --- [main] com.structurizr.server.Local             :  - structurizr.datadirectory: /usr/local/structurizr
2026-08-04T09:14:08.051Z  INFO 1 --- [main] com.structurizr.server.Local             :  - structurizr.debug: false
2026-08-04T09:14:08.052Z  INFO 1 --- [main] com.structurizr.server.Local             :  - structurizr.editable: true
2026-08-04T09:14:08.053Z  INFO 1 --- [main] com.structurizr.server.Local             :  - structurizr.logging.filename: /usr/local/structurizr/.structurizr/logs/structurizr.log
2026-08-04T09:14:08.054Z  INFO 1 --- [main] com.structurizr.server.Local             :  - structurizr.network.timeout: 60000
2026-08-04T09:14:08.055Z  INFO 1 --- [main] com.structurizr.server.Local             :  - structurizr.network.urls.allowed: .*
2026-08-04T09:14:08.055Z  INFO 1 --- [main] com.structurizr.server.Local             :  - structurizr.search: lucene
2026-08-04T09:14:08.056Z  INFO 1 --- [main] com.structurizr.server.Local             :  - structurizr.themes: /usr/local/structurizr/themes/
2026-08-04T09:14:08.056Z  INFO 1 --- [main] com.structurizr.server.Local             :  - structurizr.workspace.maxsize: 1MB
2026-08-04T09:14:08.057Z  INFO 1 --- [main] com.structurizr.server.Local             :  - structurizr.workspace.threads: 10
2026-08-04T09:14:08.059Z  INFO 1 --- [main] com.structurizr.server.Local             :  - structurizr.workspaces: 1
2026-08-04T09:14:08.059Z  INFO 1 --- [main] com.structurizr.server.Local             : ***********************************************************************************
2026-08-04T09:14:08.059Z  INFO 1 --- [main] com.structurizr.server.Local             : Themes:
2026-08-04T09:14:08.133Z  INFO 1 --- [main] com.structurizr.server.Local             : ***********************************************************************************
2026-08-04T09:14:28.329Z  WARN 1 --- [pool-3-thread-1] com.structurizr.view.Configuration       : The Structurizr cloud service will reach its End of Life (EOL) on 30 September 2026 and this theme will not be available: https://static.structurizr.com/themes/default/theme.json
2026-08-04T09:14:28.643Z  WARN 1 --- [pool-4-thread-1] com.structurizr.view.Configuration       : The Structurizr cloud service will reach its End of Life (EOL) on 30 September 2026 and this theme will not be available: https://static.structurizr.com/themes/default/theme.json
2026-08-04T09:14:29.017Z  WARN 1 --- [pool-4-thread-1] com.structurizr.view.Configuration       : The Structurizr cloud service will reach its End of Life (EOL) on 30 September 2026 and this theme will not be available: https://static.structurizr.com/themes/default/theme.json
2026-08-04T09:16:13.083Z  WARN 1 --- [http-nio-9090-exec-2] com.structurizr.view.Configuration       : The Structurizr cloud service will reach its End of Life (EOL) on 30 September 2026 and this theme will not be available: https://static.structurizr.com/themes/default/theme.json
2026-08-04T09:16:24.587Z  WARN 1 --- [http-nio-9090-exec-4] com.structurizr.view.Configuration       : The Structurizr cloud service will reach its End of Life (EOL) on 30 September 2026 and this theme will not be available: https://static.structurizr.com/themes/default/theme.json
2026-08-04T09:16:24.633Z  WARN 1 --- [http-nio-9090-exec-4] com.structurizr.view.Configuration       : The Structurizr cloud service will reach its End of Life (EOL) on 30 September 2026 and this theme will not be available: https://static.structurizr.com/themes/default/theme.json
2026-08-04T09:16:24.818Z  WARN 1 --- [http-nio-9090-exec-2] com.structurizr.view.Configuration       : The Structurizr cloud service will reach its End of Life (EOL) on 30 September 2026 and this theme will not be available: https://static.structurizr.com/themes/default/theme.json
2026-08-04T09:16:24.821Z  WARN 1 --- [http-nio-9090-exec-3] com.structurizr.view.Configuration       : The Structurizr cloud service will reach its End of Life (EOL) on 30 September 2026 and this theme will not be available: https://static.structurizr.com/themes/default/theme.json
2026-08-04T09:16:31.397Z  WARN 1 --- [http-nio-9090-exec-6] com.structurizr.view.Configuration       : The Structurizr cloud service will reach its End of Life (EOL) on 30 September 2026 and this theme will not be available: https://static.structurizr.com/themes/default/theme.json
2026-08-04T09:16:31.442Z  WARN 1 --- [http-nio-9090-exec-6] com.structurizr.view.Configuration       : The Structurizr cloud service will reach its End of Life (EOL) on 30 September 2026 and this theme will not be available: https://static.structurizr.com/themes/default/theme.json
2026-08-04T09:17:41.759Z  WARN 1 --- [http-nio-9090-exec-11] com.structurizr.view.Configuration       : The Structurizr cloud service will reach its End of Life (EOL) on 30 September 2026 and this theme will not be available: https://static.structurizr.com/themes/default/theme.json
2026-08-04T09:17:41.847Z  WARN 1 --- [http-nio-9090-exec-11] com.structurizr.view.Configuration       : The Structurizr cloud service will reach its End of Life (EOL) on 30 September 2026 and this theme will not be available: https://static.structurizr.com/themes/default/theme.json
2026-08-04T09:17:41.884Z  WARN 1 --- [http-nio-9090-exec-11] com.structurizr.view.Configuration       : The Structurizr cloud service will reach its End of Life (EOL) on 30 September 2026 and this theme will not be available: https://static.structurizr.com/themes/default/theme.json
2026-08-04T09:31:56.125Z  WARN 1 --- [http-nio-9090-exec-10] com.structurizr.view.Configuration       : The Structurizr cloud service will reach its End of Life (EOL) on 30 September 2026 and this theme will not be available: https://static.structurizr.com/themes/default/theme.json
2026-08-04T09:31:56.130Z  WARN 1 --- [http-nio-9090-exec-10] com.structurizr.view.Configuration       : The Structurizr cloud service will reach its End of Life (EOL) on 30 September 2026 and this theme will not be available: https://static.structurizr.com/themes/default/theme.json
2026-08-04T09:31:56.147Z  WARN 1 --- [http-nio-9090-exec-10] com.structurizr.view.Configuration       : The Structurizr cloud service will reach its End of Life (EOL) on 30 September 2026 and this theme will not be available: https://static.structurizr.com/themes/default/theme.json
2026-08-04T09:32:49.947Z  WARN 1 --- [http-nio-9090-exec-1] com.structurizr.view.Configuration       : The Structurizr cloud service will reach its End of Life (EOL) on 30 September 2026 and this theme will not be available: https://static.structurizr.com/themes/default/theme.json
2026-08-04T09:32:49.974Z  WARN 1 --- [http-nio-9090-exec-1] com.structurizr.view.Configuration       : The Structurizr cloud service will reach its End of Life (EOL) on 30 September 2026 and this theme will not be available: https://static.structurizr.com/themes/default/theme.json
2026-08-04T10:02:34.575Z  WARN 1 --- [http-nio-9090-exec-8] com.structurizr.view.Configuration       : The Structurizr cloud service will reach its End of Life (EOL) on 30 September 2026 and this theme will not be available: https://static.structurizr.com/themes/default/theme.json
2026-08-04T10:02:37.990Z  WARN 1 --- [http-nio-9090-exec-1] com.structurizr.view.Configuration       : The Structurizr cloud service will reach its End of Life (EOL) on 30 September 2026 and this theme will not be available: https://static.structurizr.com/themes/default/theme.json
